Info: Starting: Create block symbol file (.bsf)
Info: qsys-generate E:\WORK1\ee297\de10lite-hdl-master\de10lite-hdl-master\projects\play_gif\synthesis\fp_mac.qsys --block-symbol-file --output-directory=E:\WORK1\ee297\de10lite-hdl-master\de10lite-hdl-master\projects\play_gif\synthesis\fp_mac --family="MAX 10" --part=10M50DAF484C7G
Progress: Loading synthesis/fp_mac.qsys
Progress: Reading input file
Progress: Adding nios_custom_instr_floating_point_2_multi_0 [altera_nios_custom_instr_floating_point_2_multi 18.1]
Progress: Parameterizing module nios_custom_instr_floating_point_2_multi_0
Progress: Building connections
Progress: Parameterizing connections
Progress: Validating
Progress: Done reading input file
Info: qsys-generate succeeded.
Info: Finished: Create block symbol file (.bsf)
Info: 
Info: Starting: Create HDL design files for synthesis
Info: qsys-generate E:\WORK1\ee297\de10lite-hdl-master\de10lite-hdl-master\projects\play_gif\synthesis\fp_mac.qsys --synthesis=VERILOG --output-directory=E:\WORK1\ee297\de10lite-hdl-master\de10lite-hdl-master\projects\play_gif\synthesis\fp_mac\synthesis --family="MAX 10" --part=10M50DAF484C7G
Progress: Loading synthesis/fp_mac.qsys
Progress: Reading input file
Progress: Adding nios_custom_instr_floating_point_2_multi_0 [altera_nios_custom_instr_floating_point_2_multi 18.1]
Progress: Parameterizing module nios_custom_instr_floating_point_2_multi_0
Progress: Building connections
Progress: Parameterizing connections
Progress: Validating
Progress: Done reading input file
Info: fp_mac: Generating fp_mac "fp_mac" for QUARTUS_SYNTH
Info: nios_custom_instr_floating_point_2_multi_0: "fp_mac" instantiated altera_nios_custom_instr_floating_point_2_multi "nios_custom_instr_floating_point_2_multi_0"
Info: fp_mac: Done "fp_mac" with 2 modules, 15 files
Info: qsys-generate succeeded.
Info: Finished: Create HDL design files for synthesis
